[1/2] Building CXX object CMakeFiles/KromoStudio.dir/src/CanvasItem.cpp.obj
FAILED: CMakeFiles/KromoStudio.dir/src/CanvasItem.cpp.obj 
C:\Qt\Tools\mingw1310_64\bin\g++.exe -DMINGW_HAS_SECURE_API=1 -DQT_CONCURRENT_LIB -DQT_CORE_LIB -DQT_GUI_LIB -DQT_NETWORK_LIB -DQT_NO_DEBUG -DQT_OPENGL_LIB -DQT_QMLINTEGRATION_LIB -DQT_QML_LIB -DQT_QUICKCONTROLS2_LIB -DQT_QUICKEFFECTS_LIB -DQT_QUICK_LIB -DQT_SHADERTOOLS_LIB -DQT_SVG_LIB -DQT_WIDGETS_LIB -DUNICODE -DWIN32 -DWIN64 -D_ENABLE_EXTENDED_ALIGNED_STORAGE -D_UNICODE -D_WIN64 -IE:/Programacion/Rescate_Proyecto/build_mingw/KromoStudio_autogen/include -IE:/Programacion/Rescate_Proyecto/src -IE:/Programacion/Rescate_Proyecto/src/core/cpp/include -IE:/Programacion/Rescate_Proyecto/src/core/brushes -isystem C:/Qt/6.11.1/mingw_64/include/QtCore -isystem C:/Qt/6.11.1/mingw_64/include -isystem C:/Qt/6.11.1/mingw_64/mkspecs/win32-g++ -isystem C:/Qt/6.11.1/mingw_64/include/QtGui -isystem C:/Qt/6.11.1/mingw_64/include/QtQml -isystem C:/Qt/6.11.1/mingw_64/include/QtQmlIntegration -isystem C:/Qt/6.11.1/mingw_64/include/QtNetwork -isystem C:/Qt/6.11.1/mingw_64/include/QtQuick -isystem C:/Qt/6.11.1/mingw_64/include/QtOpenGL -isystem C:/Qt/6.11.1/mingw_64/include/QtQuickControls2 -isystem C:/Qt/6.11.1/mingw_64/include/QtConcurrent -isystem C:/Qt/6.11.1/mingw_64/include/QtSvg -isystem C:/Qt/6.11.1/mingw_64/include/QtWidgets -isystem C:/Qt/6.11.1/mingw_64/include/QtQuickEffects -isystem C:/Qt/6.11.1/mingw_64/include/QtShaderTools -std=gnu++17 -MD -MT CMakeFiles/KromoStudio.dir/src/CanvasItem.cpp.obj -MF CMakeFiles\KromoStudio.dir\src\CanvasItem.cpp.obj.d -o CMakeFiles/KromoStudio.dir/src/CanvasItem.cpp.obj -c E:/Programacion/Rescate_Proyecto/src/CanvasItem.cpp
E:/Programacion/Rescate_Proyecto/src/CanvasItem.cpp: In lambda function:
E:/Programacion/Rescate_Proyecto/src/CanvasItem.cpp:1235:66: error: 'CompositionMode_Hue' is not a member of 'QPainter'
 1235 |                 case artflow::BlendMode::Hue: qtMode = QPainter::CompositionMode_Hue; break;
      |                                                                  ^~~~~~~~~~~~~~~~~~~
E:/Programacion/Rescate_Proyecto/src/CanvasItem.cpp:1236:73: error: 'CompositionMode_Saturation' is not a member of 'QPainter'
 1236 |                 case artflow::BlendMode::Saturation: qtMode = QPainter::CompositionMode_Saturation; break;
      |                                                                         ^~~~~~~~~~~~~~~~~~~~~~~~~~
E:/Programacion/Rescate_Proyecto/src/CanvasItem.cpp:1237:68: error: 'CompositionMode_Color' is not a member of 'QPainter'
 1237 |                 case artflow::BlendMode::Color: qtMode = QPainter::CompositionMode_Color; break;
      |                                                                    ^~~~~~~~~~~~~~~~~~~~~
E:/Programacion/Rescate_Proyecto/src/CanvasItem.cpp:1238:73: error: 'CompositionMode_Luminosity' is not a member of 'QPainter'
 1238 |                 case artflow::BlendMode::Luminosity: qtMode = QPainter::CompositionMode_Luminosity; break;
      |                                                                         ^~~~~~~~~~~~~~~~~~~~~~~~~~
ninja: build stopped: subcommand failed.
